<html>
<body>
<pre>
<h1>µVision Build Log</h1>
<h2>Tool Versions:</h2>
IDE-Version: ¦ÌVision V5.14.0.0
Copyright (C) 2015 ARM Ltd and ARM Germany GmbH. All rights reserved.
License Information: 321 321, 321, LIC=CRMW3-AA6HV-C2LL6-DLHQ5-DEABT-8AH3S
 
Tool Versions:
Toolchain:       MDK-ARM Professional  Version: 5.14.0.0
Toolchain Path:  D:\Keil_v5\ARM\ARMCC\Bin
C Compiler:      Armcc.exe V5.05 update 1 (build 106)
Assembler:       Armasm.exe V5.05 update 1 (build 106)
Linker/Locator:  ArmLink.exe V5.05 update 1 (build 106)
Library Manager: ArmAr.exe V5.05 update 1 (build 106)
Hex Converter:   FromElf.exe V5.05 update 1 (build 106)
CPU DLL:         SARMCM3.DLL V5.14.0.0
Dialog DLL:      DCM.DLL V1.13.1.0
Target DLL:      STLink\ST-LINKIII-KEIL_SWO.dll V2.0.14.0_KEIL
Dialog DLL:      TCM.DLL V1.14.4.0
 
<h2>Project:</h2>
C:\Users\admin\Desktop\Car-V1.4-PWM-FB - ¸±±¾\Car-V1.4-PWM-FB\rest.uvprojx
Project File Date:  12/16/2023

<h2>Output:</h2>
Build target 'V4'
compiling main.c...
USER\src\main.c(60): warning:  #870-D: invalid multibyte character sequence
              printf("æ¸©åº¦æ˜?%d â„ƒï¼Œæ¹¿åº¦æ˜?%d %%RH\n",dhtbuf[2],dhtbuf[0]); //è¾“å‡ºå­—ç¬¦ä¸?                          ^
USER\src\main.c(60): warning:  #870-D: invalid multibyte character sequence
              printf("æ¸©åº¦æ˜?%d â„ƒï¼Œæ¹¿åº¦æ˜?%d %%RH\n",dhtbuf[2],dhtbuf[0]); //è¾“å‡ºå­—ç¬¦ä¸?                                     ^
USER\src\main.c(74): warning:  #223-D: function "MQ2_Get" declared implicitly
              if(MQ2_Get() ==0 )
USER\src\main.c(127): warning:  #186-D: pointless comparison of unsigned integer with zero
                  else if(distance <= 5 &&  distance >= 0)
USER\src\main.c: 4 warnings, 0 errors
compiling delay.c...
compiling led.c...
compiling init_usart.c...
compiling sys.c...
compiling beep.c...
compiling hc_sr04.c...
compiling car.c...
compiling key.c...
compiling oled.c...
compiling car_turn.c...
compiling MQ2.c...
compiling dht11.c...
USER\src\dht11.c(164): warning:  #1-D: last line of file ends without a newline
  }
USER\src\dht11.c: 1 warning, 0 errors
compiling misc.c...
compiling stm32f4xx_dma.c...
compiling stm32f4xx_exti.c...
compiling stm32f4xx_flash.c...
compiling stm32f4xx_fsmc.c...
compiling stm32f4xx_gpio.c...
compiling stm32f4xx_rcc.c...
compiling stm32f4xx_sdio.c...
compiling stm32f4xx_spi.c...
compiling stm32f4xx_syscfg.c...
compiling stm32f4xx_tim.c...
compiling stm32f4xx_usart.c...
assembling startup_stm32f40_41xxx.s...
compiling system_stm32f4xx.c...
linking...
Program Size: Code=8062 RO-data=2498 RW-data=1720 ZI-data=1672  
FromELF: creating hex file...
".\Objects\rest.axf" - 0 Error(s), 5 Warning(s).

<h2>Software Packages used:</h2>

Package Vendor: ARM
                http://www.keil.com/pack/ARM.CMSIS.4.2.0.pack
                ARM::CMSIS:CORE:3.40.0
                CMSIS (Cortex Microcontroller Software Interface Standard)
   * Component: CORE Version: 3.40.0

Package Vendor: Keil
                http://www.keil.com/pack/Keil.STM32F4xx_DFP.1.0.8.pack
                Keil::Device:StdPeriph Drivers:EXTI:1.3.0
                STMicroelectronics STM32F4 Series Device Support, Drivers and Examples
   * Component: EXTI Version: 1.3.0
   * Component: Framework Version: 1.3.1
   * Component: Flash Version: 1.3.0
   * Component: Startup Version: 1.3.1
   * Component: FSMC Version: 1.3.0
   * Component: DMA Version: 1.3.0
   * Component: SYSCFG Version: 1.3.0
   * Component: GPIO Version: 1.3.0
   * Component: USART Version: 1.3.0
   * Component: SPI Version: 1.3.0
   * Component: TIM Version: 1.3.0
   * Component: RCC Version: 1.3.0
   * Component: SDIO Version: 1.3.0

<h2>Collection of Component include folders:</h2>
  C:\Users\admin\Desktop\Car-V1.4-PWM-FB - ¸±±¾\Car-V1.4-PWM-FB\RTE
  C:\Users\admin\Desktop\Car-V1.4-PWM-FB - ¸±±¾\Car-V1.4-PWM-FB\RTE\Device\STM32F407VE
  D:\Keil_v5\ARM\PACK\ARM\CMSIS\4.2.0\CMSIS\Include
  D:\Keil_v5\ARM\PACK\Keil\STM32F4xx_DFP\1.0.8\Device\Include
  D:\Keil_v5\ARM\PACK\Keil\STM32F4xx_DFP\1.0.8\Device\StdPeriph_Driver\inc

<h2>Collection of Component Files used:</h2>

   * Component: ARM::CMSIS:CORE:3.40.0
      Source file:   CMSIS\UserCodeTemplates\ARM\ITM_Retarget.c

   * Component: Keil::Device:StdPeriph Drivers:EXTI:1.3.0
      Source file:   Device\StdPeriph_Driver\src\stm32f4xx_exti.c
      Include file:  Device\StdPeriph_Driver\inc\stm32f4xx_exti.h

   * Component: Keil::Device:StdPeriph Drivers:Framework:1.3.1
      Source file:   Device\StdPeriph_Driver\src\misc.c
      Include file:  Device\StdPeriph_Driver\templates\stm32f4xx_it.h
      Source file:   Device\StdPeriph_Driver\templates\stm32f4xx_it.c
      Source file:   Device\StdPeriph_Driver\templates\stm32f4xx_conf.h

   * Component: Keil::Device:StdPeriph Drivers:Flash:1.3.0
      Source file:   Device\StdPeriph_Driver\src\stm32f4xx_flash.c
      Include file:  Device\StdPeriph_Driver\inc\stm32f4xx_flash.h

   * Component: Keil::Device:Startup:1.3.1
      Source file:   Device\Source\system_stm32f4xx.c
      Source file:   Device\Source\ARM\STM32F4xx_OTP.s
      Include file:  Device\Include\stm32f4xx.h
      Source file:   Device\Source\ARM\STM32F40xxx_41xxx_OPT.s
      Include file:  RTE_Driver\Config\RTE_Device.h
      Source file:   Device\Source\ARM\startup_stm32f40_41xxx.s

   * Component: Keil::Device:StdPeriph Drivers:FSMC:1.3.0
      Include file:  Device\StdPeriph_Driver\inc\stm32f4xx_fsmc.h
      Source file:   Device\StdPeriph_Driver\src\stm32f4xx_fsmc.c

   * Component: Keil::Device:StdPeriph Drivers:DMA:1.3.0
      Include file:  Device\StdPeriph_Driver\inc\stm32f4xx_dma.h
      Source file:   Device\StdPeriph_Driver\src\stm32f4xx_dma.c

   * Component: Keil::Device:StdPeriph Drivers:SYSCFG:1.3.0
      Include file:  Device\StdPeriph_Driver\inc\stm32f4xx_syscfg.h
      Source file:   Device\StdPeriph_Driver\src\stm32f4xx_syscfg.c

   * Component: Keil::Device:StdPeriph Drivers:GPIO:1.3.0
      Include file:  Device\StdPeriph_Driver\inc\stm32f4xx_gpio.h
      Source file:   Device\StdPeriph_Driver\src\stm32f4xx_gpio.c

   * Component: Keil::Device:StdPeriph Drivers:USART:1.3.0
      Source file:   Device\StdPeriph_Driver\src\stm32f4xx_usart.c
      Include file:  Device\StdPeriph_Driver\inc\stm32f4xx_usart.h

   * Component: Keil::Device:StdPeriph Drivers:SPI:1.3.0
      Include file:  Device\StdPeriph_Driver\inc\stm32f4xx_spi.h
      Source file:   Device\StdPeriph_Driver\src\stm32f4xx_spi.c

   * Component: Keil::Device:StdPeriph Drivers:TIM:1.3.0
      Include file:  Device\StdPeriph_Driver\inc\stm32f4xx_tim.h
      Source file:   Device\StdPeriph_Driver\src\stm32f4xx_tim.c

   * Component: Keil::Device:StdPeriph Drivers:RCC:1.3.0
      Source file:   Device\StdPeriph_Driver\src\stm32f4xx_rcc.c
      Include file:  Device\StdPeriph_Driver\inc\stm32f4xx_rcc.h

   * Component: Keil::Device:StdPeriph Drivers:SDIO:1.3.0
      Source file:   Device\StdPeriph_Driver\src\stm32f4xx_sdio.c
      Include file:  Device\StdPeriph_Driver\inc\stm32f4xx_sdio.h
</pre>
</body>
</html>
